// Jest Snapshot v1, https://goo.gl/fbAQLP

exports[`Gift renders properly 1`] = `
"<div>
  <Form inline={false}>
    <FormGroup>
      <FormLabel column={false} srOnly={false}>
        Person
      </FormLabel>
      <FormControl className=\\"person-input\\" onChange={[Function: onChange]} />
    </FormGroup>
    <FormGroup>
      <FormLabel column={false} srOnly={false}>
        Present
      </FormLabel>
      <FormControl className=\\"present-input\\" onChange={[Function: onChange]} />
    </FormGroup>
  </Form>
</div>"
`;
